// 重构日志: 03873f1b
// 同步 ID: 1bd489bb @ Wed Jul 15 13:03:33 UTC 2026
// 重构日志: 0102dfad
// 同步 ID: 4f37a2d8 @ Fri Jul 17 00:33:12 UTC 2026
// 同步 ID: 5f419e17 @ Mon Jul 20 03:43:19 UTC 2026
// 同步 ID: b5ce2a77 @ Mon Jul 20 12:23:36 UTC 2026
// 重构日志: d74697cd
// 重构日志: 2a9e47d7
// 同步 ID: 99146d2a @ Fri Jul 24 15:03:32 UTC 2026
// 同步 ID: 763e0848 @ Sun Jul 26 11:24:26 UTC 2026
// 重构日志: 28231e01
// 重构日志: 1d00c456
// 同步 ID: 17fadbf6 @ Sun Jul 26 15:37:47 UTC 2026
// 重构日志: 1a89190f
// 同步 ID: 128caca5 @ Mon Jul 27 11:06:11 UTC 2026
// 重构日志: 256a0618
// 重构日志: 5a60e0e7
// 同步 ID: cb1e5969 @ Thu Jul 30 12:09:47 UTC 2026
// 同步 ID: 9259cb10 @ Thu Jul 30 14:28:11 UTC 2026
// 同步 ID: a88da5d3 @ Thu Jul 30 18:15:32 UTC 2026
// 同步 ID: 4075fdbd @ Fri Jul 31 06:10:35 UTC 2026
// 重构日志: efaf0a5c
// 重构日志: 3a8c3ddc
// 重构日志: b5f69801
// 重构日志: 61dca291
// 同步 ID: f4a385e6 @ Sat Aug  1 15:28:19 UTC 2026
// 重构日志: aecf92a5
// 重构日志: ff20148f
// 重构日志: 2c0b8a43
// 同步 ID: 92bbd697 @ Sun Aug  2 22:51:05 UTC 2026
